// Jest Snapshot v1, https://goo.gl/fbAQLP

exports[`Navigation render 1`] = `
<DocumentFragment>
  <ul
    class="navigation"
  >
    <li>
      <a
        href="/"
      >
        Home
      </a>
    </li>
    <li>
      <a
        href="/about"
      >
        About
      </a>
    </li>
  </ul>
</DocumentFragment>
`;
